// Jest Snapshot v1, https://goo.gl/fbAQLP

exports[`modal actions showDeleteNoteConfirmationModal should show confirmation modal 1`] = `
[MockFunction] {
  "calls": Array [
    Array [
      [Function],
    ],
    Array [
      Object {
        "payload": Object {
          "accept": Object {
            "callback": [Function],
            "label": "YES",
          },
          "body": "Do you want to delete this note",
          "decline": Object {
            "callback": [Function],
            "label": "NO",
          },
        },
        "type": "SHOW_CONFIRMATION_MODAL",
      },
    ],
  ],
  "results": Array [
    Object {
      "isThrow": false,
      "value": Object {
        "payload": Object {
          "accept": Object {
            "callback": [Function],
            "label": "YES",
          },
          "body": "Do you want to delete this note",
          "decline": Object {
            "callback": [Function],
            "label": "NO",
          },
        },
        "type": "SHOW_CONFIRMATION_MODAL",
      },
    },
    Object {
      "isThrow": false,
      "value": undefined,
    },
  ],
}
`;
