// Jest Snapshot v1, https://goo.gl/fbAQLP

exports[`App should render the Routes and ModalContainer components 1`] = `
<Fragment>
  <Routes />
  <Connect(ModalContainer) />
</Fragment>
`;
