// Jest Snapshot v1, https://goo.gl/fbAQLP

exports[`DeleteNoteContainer render should render DeleteNote component 1`] = `
<DeleteNote
  cancel={[MockFunction]}
  delete={[Function]}
/>
`;
