// Jest Snapshot v1, https://goo.gl/fbAQLP

exports[`NoteEditContainer render should render NoteEditContainer with Redux Form as child 1`] = `
<div
  className="col-xl-4 offset-xl-4 col-lg-6 offset-lg-3 col-sm-8 offset-sm-2 note-creator"
>
  <h2>
    Edit Note
  </h2>
  <ReduxForm
    destroyOnUnmount={true}
    enableReinitialize={true}
    forceUnregisterOnUnmount={false}
    form="noteForm"
    getFormState={[Function]}
    initialValues={
      Object {
        "body": "noteBody",
        "id": 89,
        "title": "noteTitle",
      }
    }
    keepDirtyOnReinitialize={false}
    onSubmit={[Function]}
    persistentSubmitErrors={false}
    pure={true}
    shouldAsyncValidate={[Function]}
    shouldError={[Function]}
    shouldValidate={[Function]}
    shouldWarn={[Function]}
    touchOnBlur={true}
    touchOnChange={false}
    updateUnregisteredFields={false}
    validate={[Function]}
  />
</div>
`;
